
baljn@DESKTOP-B6TG0GF MINGW64 ~/Desktop/github/Enkhbat/ITC205 201760 Codebase (master)
$ git init
Reinitialized existing Git repository in C:/Users/baljn/Desktop/github/Enkhbat/ITC205 201760 Codebase/.git/

baljn@DESKTOP-B6TG0GF MINGW64 ~/Desktop/github/Enkhbat/ITC205 201760 Codebase (master)
$ git clone https://github.com/ankushgdb/Car_park.git
Cloning into 'Car_park'...
remote: Counting objects: 170, done.
remote: Compressing objects: 100% (104/104), done.
Rremote: Total 170 (delta 27), reused 164 (delta 27), pack-reused 0
Receiving objects: 100% (170/170), 1.87 MiB | 32.00 KiB/s, done.
Resolving deltas: 100% (27/27), done.

baljn@DESKTOP-B6TG0GF MINGW64 ~/Desktop/github/Enkhbat/ITC205 201760 Codebase (master)
$ git remote add origin https://github.com/ankushgdb/Car_park.git

baljn@DESKTOP-B6TG0GF MINGW64 ~/Desktop/github/Enkhbat/ITC205 201760 Codebase (master)
$ git remote -v
origin  https://github.com/ankushgdb/Car_park.git (fetch)
origin  https://github.com/ankushgdb/Car_park.git (push)

baljn@DESKTOP-B6TG0GF MINGW64 ~/Desktop/github/Enkhbat/ITC205 201760 Codebase (master)
$ git checkout -b Enkhbat
Switched to a new branch 'Enkhbat'

baljn@DESKTOP-B6TG0GF MINGW64 ~/Desktop/github/Enkhbat/ITC205 201760 Codebase (Enkhbat)
$ git status
On branch Enkhbat

No commits yet

Untracked files:
  (use "git add <file>..." to include in what will be committed)

        Car_park/
        src/

nothing added to commit but untracked files present (use "git add" to track)

baljn@DESKTOP-B6TG0GF MINGW64 ~/Desktop/github/Enkhbat/ITC205 201760 Codebase (Enkhbat)
$ git add src

baljn@DESKTOP-B6TG0GF MINGW64 ~/Desktop/github/Enkhbat/ITC205 201760 Codebase (Enkhbat)
$ git status
On branch Enkhbat

No commits yet

Changes to be committed:
  (use "git rm --cached <file>..." to unstage)

        new file:   src/bcccp/Main.java
        new file:   src/bcccp/carpark/CarSensor.java
        new file:   src/bcccp/carpark/Carpark.java
        new file:   src/bcccp/carpark/Gate.java
        new file:   src/bcccp/carpark/ICarSensor.java
        new file:   src/bcccp/carpark/ICarSensorResponder.java
        new file:   src/bcccp/carpark/ICarpark.java
        new file:   src/bcccp/carpark/ICarparkObserver.java
        new file:   src/bcccp/carpark/IGate.java
        new file:   src/bcccp/carpark/entry/EntryController.java
        new file:   src/bcccp/carpark/entry/EntryUI.java
        new file:   src/bcccp/carpark/entry/IEntryController.java
        new file:   src/bcccp/carpark/entry/IEntryUI.java
        new file:   src/bcccp/carpark/exit/ExitController.java
        new file:   src/bcccp/carpark/exit/ExitUI.java
        new file:   src/bcccp/carpark/exit/IExitController.java
        new file:   src/bcccp/carpark/exit/IExitUI.java
        new file:   src/bcccp/carpark/paystation/IPaystationController.java
        new file:   src/bcccp/carpark/paystation/IPaystationUI.java
        new file:   src/bcccp/carpark/paystation/PaystationController.java
        new file:   src/bcccp/carpark/paystation/PaystationUI.java
        new file:   src/bcccp/tickets/adhoc/AdhocTicket.java
        new file:   src/bcccp/tickets/adhoc/AdhocTicketDAO.java
        new file:   src/bcccp/tickets/adhoc/AdhocTicketFactory.java
        new file:   src/bcccp/tickets/adhoc/IAdhocTicket.java
        new file:   src/bcccp/tickets/adhoc/IAdhocTicketDAO.java
        new file:   src/bcccp/tickets/adhoc/IAdhocTicketFactory.java
        new file:   src/bcccp/tickets/season/ISeasonTicket.java
        new file:   src/bcccp/tickets/season/ISeasonTicketDAO.java
        new file:   src/bcccp/tickets/season/IUsageRecord.java
        new file:   src/bcccp/tickets/season/IUsageRecordFactory.java
        new file:   src/bcccp/tickets/season/SeasonTicket.java
        new file:   src/bcccp/tickets/season/SeasonTicketDAO.java
        new file:   src/bcccp/tickets/season/UsageRecord.java
        new file:   src/bcccp/tickets/season/UsageRecordFactory.java

Untracked files:
  (use "git add <file>..." to include in what will be committed)

        Car_park/


baljn@DESKTOP-B6TG0GF MINGW64 ~/Desktop/github/Enkhbat/ITC205 201760 Codebase (Enkhbat)
$ git commit -m "EK added files to own branch"
[Enkhbat (root-commit) 1142e0f] EK added files to own branch
 35 files changed, 1805 insertions(+)
 create mode 100644 src/bcccp/Main.java
 create mode 100644 src/bcccp/carpark/CarSensor.java
 create mode 100644 src/bcccp/carpark/Carpark.java
 create mode 100644 src/bcccp/carpark/Gate.java
 create mode 100644 src/bcccp/carpark/ICarSensor.java
 create mode 100644 src/bcccp/carpark/ICarSensorResponder.java
 create mode 100644 src/bcccp/carpark/ICarpark.java
 create mode 100644 src/bcccp/carpark/ICarparkObserver.java
 create mode 100644 src/bcccp/carpark/IGate.java
 create mode 100644 src/bcccp/carpark/entry/EntryController.java
 create mode 100644 src/bcccp/carpark/entry/EntryUI.java
 create mode 100644 src/bcccp/carpark/entry/IEntryController.java
 create mode 100644 src/bcccp/carpark/entry/IEntryUI.java
 create mode 100644 src/bcccp/carpark/exit/ExitController.java
 create mode 100644 src/bcccp/carpark/exit/ExitUI.java
 create mode 100644 src/bcccp/carpark/exit/IExitController.java
 create mode 100644 src/bcccp/carpark/exit/IExitUI.java
 create mode 100644 src/bcccp/carpark/paystation/IPaystationController.java
 create mode 100644 src/bcccp/carpark/paystation/IPaystationUI.java
 create mode 100644 src/bcccp/carpark/paystation/PaystationController.java
 create mode 100644 src/bcccp/carpark/paystation/PaystationUI.java
 create mode 100644 src/bcccp/tickets/adhoc/AdhocTicket.java
 create mode 100644 src/bcccp/tickets/adhoc/AdhocTicketDAO.java
 create mode 100644 src/bcccp/tickets/adhoc/AdhocTicketFactory.java
 create mode 100644 src/bcccp/tickets/adhoc/IAdhocTicket.java
 create mode 100644 src/bcccp/tickets/adhoc/IAdhocTicketDAO.java
 create mode 100644 src/bcccp/tickets/adhoc/IAdhocTicketFactory.java
 create mode 100644 src/bcccp/tickets/season/ISeasonTicket.java
 create mode 100644 src/bcccp/tickets/season/ISeasonTicketDAO.java
 create mode 100644 src/bcccp/tickets/season/IUsageRecord.java
 create mode 100644 src/bcccp/tickets/season/IUsageRecordFactory.java
 create mode 100644 src/bcccp/tickets/season/SeasonTicket.java
 create mode 100644 src/bcccp/tickets/season/SeasonTicketDAO.java
 create mode 100644 src/bcccp/tickets/season/UsageRecord.java
 create mode 100644 src/bcccp/tickets/season/UsageRecordFactory.java

baljn@DESKTOP-B6TG0GF MINGW64 ~/Desktop/github/Enkhbat/ITC205 201760 Codebase (Enkhbat)
$ git push -u origin Enkhbat
Counting objects: 46, done.
Delta compression using up to 8 threads.
Compressing objects: 100% (44/44), done.
Writing objects: 100% (46/46), 11.96 KiB | 680.00 KiB/s, done.
Total 46 (delta 13), reused 0 (delta 0)
remote: Resolving deltas: 100% (13/13), done.
To https://github.com/ankushgdb/Car_park.git
 * [new branch]      Enkhbat -> Enkhbat
Branch Enkhbat set up to track remote branch Enkhbat from origin.

baljn@DESKTOP-B6TG0GF MINGW64 ~/Desktop/github/Enkhbat/ITC205 201760 Codebase (Enkhbat)
$ ^C

baljn@DESKTOP-B6TG0GF MINGW64 ~/Desktop/github/Enkhbat/ITC205 201760 Codebase (Enkhbat)
$
